main.c:75:5:main	168	static
main.c:219:6:SystemClock_Config	72	static
main.c:255:13:MX_USART1_UART_Init	8	static
main.c:288:13:MX_GPIO_Init	16	static
main.c:297:6:Flash_Erase_One_Page	112	static
main.c:324:6:Flash_Write_uint32	96	static
main.c:344:6:Flash_Write_uint16	96	static
main.c:365:6:Flash_Write_uint64	112	static
main.c:386:10:Flash_Read_uint32	96	static
main.c:399:10:Flash_Read_uint16	96	static
main.c:411:10:Flash_Read_uint64	104	static
main.c:431:6:Error_Handler	4	static,ignoring_inline_asm
